Keyword('while', 0, 0, 5); Bool('true', 0, 6, 10); Delim(';', 0, 10, 11); Keyword('if', 1, 16, 18); Ident('a', 1, 19, 20); Op('>', 1, 21, 22); Ident('b', 1, 23, 24); Keyword('then', 1, 25, 29); Ident('a', 2, 38, 39); Op('<', 2, 40, 41); Ident('c', 2, 42, 43); Delim(';', 2, 43, 44); Keyword('else', 3, 49, 53); Keyword('write', 4, 62, 67); Ident('a', 4, 68, 69); Delim(',', 4, 69, 70); Ident('b', 4, 71, 72); Delim(';', 4, 72, 73); 
