Keyword('read', 0, 0, 4); Ident('a', 0, 5, 6); Delim(';', 0, 6, 7); Keyword('read', 1, 8, 12); Ident('b', 1, 13, 14); Delim(';', 1, 14, 15); Keyword('if', 2, 16, 18); Ident('a', 2, 19, 20); Op('>', 2, 21, 22); Ident('b', 2, 23, 24); Keyword('then', 2, 25, 29); Keyword('write', 3, 34, 39); Ident('a', 3, 40, 41); Op('*', 3, 42, 43); Number(2.0, 3, 44, 45); Op('-', 3, 46, 47); Ident('b', 3, 48, 49); Op('+', 3, 50, 51); Number(3.14, 3, 52, 56); Op('-', 3, 57, 58); Delim('(', 3, 59, 60); Number(55.0, 3, 60, 62); Op('+', 3, 63, 64); Number(33.2, 3, 65, 69); Delim(')', 3, 69, 70); Delim(';', 3, 70, 71); Keyword('else', 4, 72, 76); Keyword('write', 5, 81, 86); Ident('error', 5, 87, 92); Delim(';', 5, 92, 93); 
