Keyword('if', 0, 0, 2); Ident('a', 0, 3, 4); Op('||', 0, 5, 7); Ident('b', 0, 8, 9); Op('&&', 0, 10, 12); Ident('c', 0, 13, 14); Op('<=', 0, 15, 17); Ident('value', 0, 18, 23); Keyword('then', 0, 24, 28); Keyword('write', 1, 33, 38); Ident('a', 1, 39, 40); Op('+', 1, 41, 42); Number(1000000000.0, 1, 43, 46); Delim(';', 1, 46, 47); 
